// Jest Snapshot v1, https://goo.gl/fbAQLP

exports[`Shared components Blade component should be rendered properly 1`] = `
<div
  className="si-blade flex-column "
>
  <div
    className="si-blade-header"
  >
    <div
      className="si-blade-header-title"
    >
      test title
    </div>
    <a
      className="si-close-panel-icon c-glyph glyph-clear"
      href="javascript:void(0)"
      onClick={[MockFunction]}
    />
  </div>
  <div
    className="si-blade-content flex-column"
  />
</div>
`;

exports[`Shared components Tab component should be rendered properly 1`] = `
<a
  className="si-tab c-select-button "
  href="javascript:void(0)"
  onClick={[Function]}
>
  test label
</a>
`;

exports[`Shared components TabNavigation component should be rendered properly 1`] = `
<div
  className="si-tab-navigation flex-column"
>
  <div
    className="si-nav"
  >
    <div
      className="c-group"
      role="tablist"
    >
      <SITab
        isActive={true}
        key="test"
        setViewer={[MockFunction]}
        tab={
          Object {
            "id": "test",
            "label": "test label",
            "view": <div>
              test
            </div>,
          }
        }
      />
    </div>
  </div>
  <div
    className="si-tab-content flex-column"
  >
    <div>
      test
    </div>
  </div>
</div>
`;
